23:20:08.674 INFO - Using data dir 'D:\code_space\project blynk\BlynkWebSite\data'
23:20:29.161 INFO - Region : local. Host : 192.168.1.50.
23:20:29.667 INFO - Initializing gmail smtp mail transport. Username : iotnitte@gmail.com. SMTP host : in-v3.mailjet.com:587
23:20:29.761 INFO - Reports : 0
23:20:29.761 INFO - Didn't find custom user certificates.
23:20:29.763 INFO - Didn't find Let's Encrypt certificates.
23:20:29.763 WARN - You didn't specified 'server.host' or 'contact.email' properties in server.properties file. Automatic certificate generation is turned off. Please specify above properties for automatic certificates retrieval.
23:20:29.763 WARN - ATTENTION. Server certificate paths (cert : 'D:\code_space\project blynk\BlynkWebSite', key : 'D:\code_space\project blynk\BlynkWebSite') not valid. Using embedded server certs and one way ssl. This is not secure. Please replace it with your own certs.
23:20:30.429 INFO - HTTP API and WebSockets server listening at 8080 port.
23:20:30.430 INFO - HTTPS API, WebSockets and Admin page server listening at 9443 port.
23:20:30.431 INFO - Mqtt hardware server listening at 8440 port.
23:22:28.674 INFO - Using data dir 'D:\code_space\project blynk\BlynkWebSite\data'
23:22:49.115 INFO - Region : local. Host : 192.168.70.44.
23:22:49.525 INFO - Initializing gmail smtp mail transport. Username : iotnitte@gmail.com. SMTP host : in-v3.mailjet.com:587
23:22:49.616 INFO - Reports : 0
23:22:49.616 INFO - Didn't find custom user certificates.
23:22:49.617 INFO - Didn't find Let's Encrypt certificates.
23:22:49.617 WARN - You didn't specified 'server.host' or 'contact.email' properties in server.properties file. Automatic certificate generation is turned off. Please specify above properties for automatic certificates retrieval.
23:22:49.618 WARN - ATTENTION. Server certificate paths (cert : 'D:\code_space\project blynk\BlynkWebSite', key : 'D:\code_space\project blynk\BlynkWebSite') not valid. Using embedded server certs and one way ssl. This is not secure. Please replace it with your own certs.
23:22:50.140 INFO - HTTP API and WebSockets server listening at 8080 port.
23:22:50.141 INFO - HTTPS API, WebSockets and Admin page server listening at 9443 port.
23:22:50.141 INFO - Mqtt hardware server listening at 8440 port.
